// Jest Snapshot v1, https://goo.gl/fbAQLP

exports[`Advert should render Advert component 1`] = `
<WithStyles(ForwardRef(Card))
  className="makeStyles-advertRootDetail-2"
>
  <div
    className=""
  >
    <WithStyles(ForwardRef(CardMedia))
      className="makeStyles-advertMedia-3"
      image="https://localhost:3002/img//images/anuncios/x6.jpg"
      onClick={[Function]}
      title="BMW X6 M"
    />
    <WithStyles(ForwardRef(Typography))
      className="makeStyles-advertUserOwnerDetail-9"
      color="inherit"
      variant="body2"
    >
      <WithStyles(ForwardRef(Link))
        color="inherit"
        href="#"
        onClick={[Function]}
      >
        '
        '
      </WithStyles(ForwardRef(Link))>
    </WithStyles(ForwardRef(Typography))>
    <WithStyles(ForwardRef(Avatar))
      className="makeStyles-advertAvatarDetail-11"
      src="https://localhost:3002/img/no-photo.gif"
    />
    <WithStyles(ForwardRef(CardHeader))
      avatar={
        <ForwardRef(WithStyles)
          className="makeStyles-advertAvatarSaleDetail-18"
        >
          Sale
        </ForwardRef(WithStyles)>
      }
      classes={
        Object {
          "root": "makeStyles-advertCardHeaderRootDetail-16",
          "title": "makeStyles-advertCardHeaderTitleDetail-13",
        }
      }
      subheader="BMW X6 M"
      title="40000€"
    />
    <WithStyles(ForwardRef(CardContent))>
      <WithStyles(ForwardRef(Typography))
        className="makeStyles-advertDescriptionDetail-23"
        color="textSecondary"
        component="p"
        variant="body2"
      >
        Soy el del apartamento. Con eso lo digo todo.
      </WithStyles(ForwardRef(Typography))>
    </WithStyles(ForwardRef(CardContent))>
    <WithStyles(ForwardRef(Grid))
      alignItems="center"
      container={true}
      justify="space-between"
    >
      <WithStyles(ForwardRef(Grid))
        item={true}
      />
      <WithStyles(ForwardRef(Grid))
        className="makeStyles-advertSocialNetwork-26"
        item={true}
      />
    </WithStyles(ForwardRef(Grid))>
  </div>
</WithStyles(ForwardRef(Card))>
`;
